2026-10-08 09:28:42.231: [INFO] CurrentProfilePath: C:\Users\uo302282\Desktop\ws\.metadata\.plugins\org.eclipse.swt\EBWebView\Default
2026-10-08 09:28:42.231: [INFO] Profiles total count: 1
2026-10-08 09:28:42.231: [INFO] Profile: name=Perfil 1 path=C:\Users\uo302282\Desktop\ws\.metadata\.plugins\org.eclipse.swt\EBWebView\Default lastActive=null
2026-10-08 09:28:42.231: [INFO] LastUsedProfileDir: C:\Users\uo302282\Desktop\ws\.metadata\.plugins\org.eclipse.swt\EBWebView\Default
2026-10-08 09:28:42.231: [INFO] OnDoneLoading sync enabled: 0
2026-10-08 09:28:42.231: [INFO] BookmarkModelLoaded, ids_reassigned: 0
2026-10-08 09:28:42.231: [INFO] BookmarksLoadDropped droppedNodes=0
2026-10-08 09:28:42.231: [INFO] BookmarksSnapshot Startup total=0 bar=0 other=0 mobile=0 showBar=0 showBarNTP=1
2026-10-08 09:28:52.672: [INFO] BookmarksSnapshot Shutdown total=0 bar=0 other=0 mobile=0 showBar=0 showBarNTP=1
2026-10-08 09:29:36.950: [INFO] CurrentProfilePath: C:\Users\uo302282\Desktop\ws\.metadata\.plugins\org.eclipse.swt\EBWebView\Default
2026-10-08 09:29:36.950: [INFO] Profiles total count: 1
2026-10-08 09:29:36.950: [INFO] Profile: name=Perfil 1 path=C:\Users\uo302282\Desktop\ws\.metadata\.plugins\org.eclipse.swt\EBWebView\Default lastActive=2026-10-08T09:28:42.847Z
2026-10-08 09:29:36.950: [INFO] LastUsedProfileDir: C:\Users\uo302282\Desktop\ws\.metadata\.plugins\org.eclipse.swt\EBWebView\Default
2026-10-08 09:29:36.950: [INFO] MostRecentlyActiveProfile: name=Perfil 1 path=C:\Users\uo302282\Desktop\ws\.metadata\.plugins\org.eclipse.swt\EBWebView\Default lastActive=2026-10-08T09:28:42.847Z
2026-10-08 09:29:36.950: [INFO] OnDoneLoading sync enabled: 0
2026-10-08 09:29:36.950: [INFO] BookmarkModelLoaded, ids_reassigned: 0
2026-10-08 09:29:36.950: [INFO] BookmarksLoadDropped droppedNodes=0
2026-10-08 09:29:36.950: [INFO] BookmarksSnapshot Startup total=0 bar=0 other=0 mobile=0 showBar=0 showBarNTP=1
2026-10-08 09:29:44.484: [INFO] BookmarksSnapshot Shutdown total=0 bar=0 other=0 mobile=0 showBar=0 showBarNTP=1
2026-10-08 09:30:43.234: [INFO] CurrentProfilePath: C:\Users\uo302282\Desktop\ws\.metadata\.plugins\org.eclipse.swt\EBWebView\Default
2026-10-08 09:30:43.234: [INFO] Profiles total count: 1
2026-10-08 09:30:43.234: [INFO] Profile: name=Perfil 1 path=C:\Users\uo302282\Desktop\ws\.metadata\.plugins\org.eclipse.swt\EBWebView\Default lastActive=2026-10-08T09:29:44.329Z
2026-10-08 09:30:43.234: [INFO] LastUsedProfileDir: C:\Users\uo302282\Desktop\ws\.metadata\.plugins\org.eclipse.swt\EBWebView\Default
2026-10-08 09:30:43.234: [INFO] MostRecentlyActiveProfile: name=Perfil 1 path=C:\Users\uo302282\Desktop\ws\.metadata\.plugins\org.eclipse.swt\EBWebView\Default lastActive=2026-10-08T09:29:44.329Z
2026-10-08 09:30:43.234: [INFO] OnDoneLoading sync enabled: 0
2026-10-08 09:30:43.234: [INFO] BookmarkModelLoaded, ids_reassigned: 0
2026-10-08 09:30:43.234: [INFO] BookmarksLoadDropped droppedNodes=0
2026-10-08 09:30:43.234: [INFO] BookmarksSnapshot Startup total=0 bar=0 other=0 mobile=0 showBar=0 showBarNTP=1
2026-10-08 09:30:53.417: [INFO] BookmarksSnapshot Shutdown total=0 bar=0 other=0 mobile=0 showBar=0 showBarNTP=1
2026-10-08 09:39:10.024: [INFO] CurrentProfilePath: C:\Users\uo302282\Desktop\ws\.metadata\.plugins\org.eclipse.swt\EBWebView\Default
2026-10-08 09:39:10.024: [INFO] Profiles total count: 1
2026-10-08 09:39:10.024: [INFO] Profile: name=Perfil 1 path=C:\Users\uo302282\Desktop\ws\.metadata\.plugins\org.eclipse.swt\EBWebView\Default lastActive=2026-10-08T09:30:51.194Z
2026-10-08 09:39:10.024: [INFO] LastUsedProfileDir: C:\Users\uo302282\Desktop\ws\.metadata\.plugins\org.eclipse.swt\EBWebView\Default
2026-10-08 09:39:10.024: [INFO] MostRecentlyActiveProfile: name=Perfil 1 path=C:\Users\uo302282\Desktop\ws\.metadata\.plugins\org.eclipse.swt\EBWebView\Default lastActive=2026-10-08T09:30:51.194Z
2026-10-08 09:39:10.024: [INFO] OnDoneLoading sync enabled: 0
2026-10-08 09:39:10.024: [INFO] BookmarkModelLoaded, ids_reassigned: 0
2026-10-08 09:39:10.024: [INFO] BookmarksLoadDropped droppedNodes=0
2026-10-08 09:39:10.024: [INFO] BookmarksSnapshot Startup total=0 bar=0 other=0 mobile=0 showBar=0 showBarNTP=1
2026-10-08 10:19:41.624: [INFO] BookmarksSnapshot Shutdown total=0 bar=0 other=0 mobile=0 showBar=0 showBarNTP=1
